Age = 25
Cats = ["Cauchy", "Plato"]
DOB = 1987-07-05T05:45:00Z
Perfection = [6, 28, 496, 8128]
Pi = 3.14
