{
	"a": true,
	"bar": "hello world",
	"foo": 123
}
